#-----------------------------------------------------------
# Vivado v2016.4 (64-bit)
# SW Build 1756540 on Mon Jan 23 19:11:19 MST 2017
# IP Build 1755317 on Mon Jan 23 20:30:07 MST 2017
# Start of session at: Sun Oct 15 13:57:49 2017
# Process ID: 9815
# Current directory: /media/ad/Area51/workspace/col215_prac_lab/lab8/test
# Command line: vivado
# Log file: /media/ad/Area51/workspace/col215_prac_lab/lab8/test/vivado.log
# Journal file: /media/ad/Area51/workspace/col215_prac_lab/lab8/test/vivado.jou
#-----------------------------------------------------------
start_gui
open_project /media/ad/Area51/workspace/col215_prac_lab/vivado/practice/practice.xpr
reset_run impl_2 -prev_step 
launch_runs impl_2 -to_step write_bitstream -jobs 4
wait_on_run impl_2
get_cells -of [lindex [get_drc_violations] 0]
vivado -mode batch -source build.tcl
show_schematic [get_cells -of [lindex [get_drc_violations] 0]]
remove_files  /media/ad/Area51/workspace/col215_prac_lab/lab8/test/lab8_elevator.vhd
add_files -norecurse /media/ad/Area51/workspace/col215_prac_lab/lab8/test/final/lab8_elevator.vhd
# Disabling source management mode.  This is to allow the top design properties to be set without GUI intervention.
set_property source_mgmt_mode None [current_project]
set_property top seven_segment_display [current_fileset]
# Re-enabling previously disabled source management mode.
set_property source_mgmt_mode DisplayOnly [current_project]
launch_simulation
launch_simulation
launch_simulation
close_project
create_project lab8_vivado /media/ad/Area51/workspace/col215_prac_lab/lab8/test/lab8_vivado -part xc7a35tcpg236-1
add_files -norecurse /media/ad/Area51/workspace/col215_prac_lab/lab8/test/final/lab8_elevator.vhd
# Disabling source management mode.  This is to allow the top design properties to be set without GUI intervention.
set_property source_mgmt_mode None [current_project]
set_property top seven_segment_display [current_fileset]
# Re-enabling previously disabled source management mode.
set_property source_mgmt_mode All [current_project]
launch_simulation
launch_simulation
launch_simulation
launch_simulation
update_compile_order -fileset sim_1
launch_simulation
source lab8_elevator_control.tcl
close_sim
launch_simulation
source lab8_elevator_control.tcl
close_sim
launch_simulation
source lab8_elevator_control.tcl
add_force {/lab8_elevator_control/clk} -radix hex {1 0ns} {0 50000ps} -repeat_every 100000ps
close_sim
add_files -fileset sim_1 -norecurse /media/ad/Area51/workspace/col215_prac_lab/lab8/test/final/lab8_elevator.vhd
remove_files  /media/ad/Area51/workspace/col215_prac_lab/lab8/test/final/lab8_elevator.vhd
add_files -norecurse /media/ad/Area51/workspace/col215_prac_lab/lab8/test/final/lab8_elevator.vhd
remove_files  -fileset sim_1 /media/ad/Area51/workspace/col215_prac_lab/lab8/test/final/lab8_elevator.vhd
remove_files  /media/ad/Area51/workspace/col215_prac_lab/lab8/test/final/lab8_elevator.vhd
update_compile_order -fileset sim_1
update_compile_order -fileset sources_1
add_files -norecurse /media/ad/Area51/workspace/col215_prac_lab/lab8/test/final/lab8_elevator.vhd
update_compile_order -fileset sources_1
update_compile_order -fileset sim_1
# Disabling source management mode.  This is to allow the top design properties to be set without GUI intervention.
set_property source_mgmt_mode None [current_project]
set_property top seven_segment_display [get_filesets sim_1]
set_property top_lib xil_defaultlib [get_filesets sim_1]
# Re-enabling previously disabled source management mode.
set_property source_mgmt_mode All [current_project]
launch_simulation
source seven_segment_display.tcl
add_force {/seven_segment_display/clk} -radix hex {1 0ns} {0 50000ps} -repeat_every 100000ps
run 10 us
add_force {/seven_segment_display/l1_status} -radix hex {11 0ns}
add_force {/seven_segment_display/l1_status} -radix bin {11 0ns}
run 10 us
add_force {/seven_segment_display/l1_floor} -radix hex {1 0ns}
add_force {/seven_segment_display/l2_status} -radix bin {11 0ns}
add_force {/seven_segment_display/l2_floor} -radix hex {0 0ns}
run 10 us
run 10 us
run 10 us
run 10 us
run 10 us
run 10 us
run 10 us
run 10 us
run 10 us
run 10 us
run 10 us
run 10 us
run 10 us
add_wave {{/seven_segment_display}} 
close_sim
launch_simulation
source seven_segment_display.tcl
add_force {/seven_segment_display/clk} -radix hex {1 0ns} {0 50000ps} -repeat_every 100000ps
run 10 us
add_force {/seven_segment_display/l1_status} -radix bin {11 0ns}
add_force {/seven_segment_display/l1_floor} -radix bin {11 0ns}
add_force {/seven_segment_display/l2_status} -radix hex {3 0ns}
run 10 us
add_force {/seven_segment_display/l2_floor} -radix hex {1 0ns}
run 10 us
run 10 us
run 10 us
run 10 us
run 10 us
run 10 us
run 10 us
run 10 us
run 10 us
run 10 us
run 10 us
run 10 us
run 10 us
run 10 us
run 10 us
run 10 us
run 10 us
run 10 us
run 10 us
run 10 us
run 10 us
run 10 us
run 10 us
run 10 us
run 10 us
run 10 us
run 10 us
run 10 us
close_sim
add_files -norecurse /media/ad/Area51/workspace/col215_prac_lab/lab8/test/lab8_elevator.vhd
update_compile_order -fileset sources_1
remove_files  /media/ad/Area51/workspace/col215_prac_lab/lab8/test/final/lab8_elevator.vhd
update_compile_order -fileset sources_1
launch_simulation
source seven_segment_display.tcl
add_force {/seven_segment_display/clk} -radix hex {1 0ns} {0 50000ps} -repeat_every 100000ps
add_force {/seven_segment_display/l1_status} -radix hex {3 0ns}
add_force {/seven_segment_display/l1_floor} -radix hex {2 0ns}
add_force {/seven_segment_display/l2_status} -radix hex {1 0ns}
add_force {/seven_segment_display/l2_floor} -radix hex {1 0ns}
run 10 us
run 10 us
run 10 us
run 10 us
run 10 us
run 10 us
run 10 us
run 10 us
run 10 us
run 10 us
run 10 us
close_sim
launch_simulation
source seven_segment_display.tcl
add_force {/seven_segment_display/clk} -radix hex {1 0ns} {0 50000ps} -repeat_every 100000ps
add_force {/seven_segment_display/l1_status} -radix hex {3 0ns}
add_force {/seven_segment_display/l1_floor} -radix hex {3 0ns}
add_force {/seven_segment_display/l2_status} -radix hex {3 0ns}
report_drivers {/seven_segment_display/l2_floor}
add_force {/seven_segment_display/l2_floor} -radix hex {2 0ns}
run 10 us
run 10 us
run 10 us
run 10 us
run 10 us
run 10 us
run 10 us
run all
run 10 us
run 10 us
run 10 us
run 10 us
run 10 us
run 10 us
run 10 us
run 10 us
run 10 us
run 10 us
run 10 us
run 10 us
run 10 us
run 10 us
run 10 us
run 10 us
run 10 us
run 10 us
run 10 us
close_sim
launch_simulation
source seven_segment_display.tcl
add_force {/seven_segment_display/clk} -radix hex {1 0ns} {0 50000ps} -repeat_every 100000ps
add_force {/seven_segment_display/l1_status} -radix hex {3 0ns}
add_force {/seven_segment_display/l1_floor} -radix hex {2 0ns}
add_force {/seven_segment_display/l2_status} -radix hex {1 0ns}
add_force {/seven_segment_display/l2_floor} -radix hex {1 0ns}
run 10 us
run all
close_sim
launch_runs synth_1 -jobs 4
wait_on_run synth_1
# Disabling source management mode.  This is to allow the top design properties to be set without GUI intervention.
set_property source_mgmt_mode None [current_project]
set_property top lift1_controller [get_filesets sim_1]
set_property top_lib xil_defaultlib [get_filesets sim_1]
# Re-enabling previously disabled source management mode.
set_property source_mgmt_mode All [current_project]
launch_simulation
source lift1_controller.tcl
add_force {/lift1_controller/clock} -radix hex {1 0ns} {0 50000ps} -repeat_every 100000ps
add_force {/lift1_controller/reset} -radix hex {1 0ns}
run 10 us
add_force {/lift1_controller/reset} -radix hex {0 0ns}
add_force {/lift1_controller/received_request} -radix hex {0 0ns}
run 10 us
remove_forces { {/lift1_controller/received_request} }
add_force {/lift1_controller/lift1_floor} -radix hex {2 0ns}
run 10 us
add_force {/lift1_controller/lift1_floor[1]} -radix hex {0 0ns}
run 10 us
run 10 us
run 10 us
run 10 us
run 10 us
run 10 us
run 10 us
close_sim
launch_simulation
source lift1_controller.tcl
add_force {/lift1_controller/clock} -radix hex {1 0ns} {0 50000ps} -repeat_every 100000ps
add_force {/lift1_controller/reset} -radix hex {1 0ns}
run 10 us
add_force {/lift1_controller/reset} -radix hex {0 0ns}
add_force {/lift1_controller/received_request} -radix hex {0 0ns}
add_force {/lift1_controller/lift1_floor} -radix hex {2 0ns}
run 10 us
add_force {/lift1_controller/lift1_floor} -radix hex {0 0ns}
run 10 us
run 10 us
run 10 us
run 10 us
run 10 us
run 10 us
close_sim
launch_simulation
source lift1_controller.tcl
add_force {/lift1_controller/clock} -radix hex {1 0ns} {0 50000ps} -repeat_every 100000ps
add_force {/lift1_controller/reset} -radix hex {1 0ns}
run 10 us
add_force {/lift1_controller/reset} -radix hex {0 0ns}
add_force {/lift1_controller/received_request} -radix hex {0 0ns}
add_force {/lift1_controller/lift1_floor} -radix hex {2 0ns}
run 10 us
add_force {/lift1_controller/lift1_floor} -radix hex {0 0ns}
run 10 us
run 10 us
add_force {/lift1_controller/lift1_floor} -radix hex {0 0ns}
run 10 us
close_sim
launch_simulation
source lift1_controller.tcl
add_force {/lift1_controller/clock} -radix hex {1 0ns} {0 50000ps} -repeat_every 100000ps
run 10 us
add_force {/lift1_controller/reset} -radix hex {1 0ns}
add_force {/lift1_controller/received_request} -radix hex {0 0ns}
add_force {/lift1_controller/lift1_floor} -radix hex {2 0ns}
run 10 us
add_force {/lift1_controller/reset} -radix hex {0 0ns}
add_force {/lift1_controller/lift1_floor} -radix hex {0 0ns}
add_force {/lift1_controller/door_close} -radix hex {0 0ns}
add_force {/lift1_controller/door_open} -radix hex {0 0ns}
run 10 us
add_force {/lift1_controller/lift1_floor} -radix hex {2 0ns}
run 10 us
add_force {/lift1_controller/lift1_floor} -radix hex {0 0ns}
run 10 us
relaunch_sim
add_force {/lift1_controller/clock} -radix hex {1 0ns} {0 50000ps} -repeat_every 100000ps
run 10 us
add_force {/lift1_controller/reset} -radix hex {1 0ns}
run 10 us
add_force {/lift1_controller/reset} -radix hex {0 0ns}
add_force {/lift1_controller/received_request} -radix hex {0 0ns}
add_force {/lift1_controller/lift1_floor} -radix hex {2 0ns}
run 10 us
add_force {/lift1_controller/lift1_floor} -radix hex {0 0ns}
run 10 us
run 10 us
run 10 us
run all
run all
add_force {/lift1_controller/counter2sec} -radix hex {199999900 0ns}
add_force {/lift1_controller/counter2sec} -radix unsigned {199999900 0ns}
run 10 us
remove_forces { {/lift1_controller/counter2sec} }
run 10 us
run 10 us
run 10 us
run 10 us
run 10 us
run 10 us
run 10 us
run 10 us
run 10 us
run all
add_force {/lift1_controller/counter0_5sec} -radix unsigned {49999900 0ns}
run 10 us
run 10 us
run 10 us
remove_forces { {/lift1_controller/counter0_5sec} }
run 10 us
run 10 us
run 10 us
run 10 us
run 10 us
run 10 us
run 10 us
run 10 us
run 10 us
run 10 us
run all
close_sim
reset_run synth_1
launch_runs synth_1 -jobs 4
wait_on_run synth_1
launch_runs impl_1 -jobs 4
wait_on_run impl_1
launch_simulation
source lift1_controller.tcl
add_force {/lift1_controller/clock} -radix hex {1 0ns} {0 50000ps} -repeat_every 100000ps
run 10 us
add_force {/lift1_controller/reset} -radix hex {1 0ns}
run 10 us
add_force {/lift1_controller/received_request} -radix hex {2 0ns}
add_force {/lift1_controller/reset} -radix hex {0 0ns}
add_force {/lift1_controller/lift1_floor} -radix hex {0 0ns}
run 10 us
close_sim
launch_simulation
source lift1_controller.tcl
relaunch_sim
run 10 us
add_force {/lift1_controller/clock} -radix hex {1 0ns} {0 50000ps} -repeat_every 100000ps
run 10 us
add_force {/lift1_controller/reset} -radix hex {0 0ns}
add_force {/lift1_controller/received_request} -radix hex {2 0ns}
run 10 us
add_force {/lift1_controller/lift1_floor} -radix hex {0 0ns}
run 10 us
run 10 us
add_force {/lift1_controller/reset} -radix hex {1 0ns}
run 10 us
add_force {/lift1_controller/reset} -radix hex {0 0ns}
run 10 us
remove_forces { {/lift1_controller/received_request} }
add_force {/lift1_controller/door_open} -radix hex {0 0ns}
run 10 us
add_force {/lift1_controller/received_request} -radix hex {2 0ns}
run 10 us
run 10 us
run 10 us
close_sim
launch_simulation
source lift1_controller.tcl
add_force {/lift1_controller/clock} -radix hex {1 0ns} {0 50000ps} -repeat_every 100000ps
add_force {/lift1_controller/reset} -radix hex {1 0ns}
run 10 us
add_force {/lift1_controller/reset} -radix hex {0 0ns}
add_force {/lift1_controller/received_request} -radix hex {2 0ns}
add_force {/lift1_controller/lift1_floor} -radix hex {1 0ns}
run 10 us
add_force {/lift1_controller/lift1_floor} -radix hex {0 0ns}
run 10 us
add_force {/lift1_controller/lift1_floor} -radix hex {3 0ns}
run 10 us
add_force {/lift1_controller/lift1_floor} -radix hex {0 0ns}
run 10 us
add_force {/lift1_controller/lift1_floor[2]} -radix hex {1 0ns}
run 10 us
add_force {/lift1_controller/lift1_floor[2]} -radix hex {0 0ns}
run 10 us
run 10 us
run 10 us
run 10 us
run 10 us
run 10 us
run 10 us
run 10 us
run 10 us
add_force {/lift1_controller/door_open} -radix hex {0 0ns}
run 10 us
close_sim
launch_simulation
source lift1_controller.tcl
