#-----------------------------------------------------------
# Vivado v2016.4 (64-bit)
# SW Build 1756540 on Mon Jan 23 19:11:19 MST 2017
# IP Build 1755317 on Mon Jan 23 20:30:07 MST 2017
# Start of session at: Sun Oct 15 18:14:13 2017
# Process ID: 24572
# Current directory: /media/ad/Area51/workspace/col215_prac_lab/lab8/test
# Command line: vivado
# Log file: /media/ad/Area51/workspace/col215_prac_lab/lab8/test/vivado.log
# Journal file: /media/ad/Area51/workspace/col215_prac_lab/lab8/test/vivado.jou
#-----------------------------------------------------------
start_gui
open_project /media/ad/Area51/workspace/col215_prac_lab/lab8/test/lab8_vivado/lab8_vivado.xpr
create_run impl_2 -parent_run synth_1 -flow {Vivado Implementation 2016} -strategy {Vivado Implementation Defaults}
current_run [get_runs impl_2]
set_property target_language VHDL [current_project]
launch_simulation -mode post-synthesis -type functional
source lift1_controller.tcl
add_force {/lift1_controller/clock} -radix hex {1 0ns} {0 50000ps} -repeat_every 100000ps
add_force {/lift1_controller/reset} -radix hex {1 0ns}
run 10 us
add_force {/lift1_controller/reset} -radix hex {0 0ns}
run 10 us
add_force {/lift1_controller/received_request} -radix hex {0 0ns}
run 10 us
add_force {/lift1_controller/lift1_floor} -radix hex {2 0ns}
run 10 us
add_force {/lift1_controller/door_open} -radix hex {1 0ns}
add_force {/lift1_controller/door_open} -radix hex {0 0ns}
run 10 us
add_force {/lift1_controller/lift1_floor} -radix hex {0 0ns}
run 10 us
relaunch_sim
relaunch_sim
add_force {/lift1_controller/clock} -radix hex {1 0ns} {0 50000ps} -repeat_every 100000ps
run 10 us
add_force {/lift1_controller/reset} -radix hex {1 0ns} -cancel_after 1us
run 10 us
add_force {/lift1_controller/reset} -radix hex {0 0ns}
add_force {/lift1_controller/received_request} -radix hex {0 0ns}
add_force {/lift1_controller/lift1_floor} -radix hex {1 0ns}
run 10 us
add_force {/lift1_controller/lift1_floor} -radix hex {2 0ns}
run 10 us
add_force {/lift1_controller/lift1_floor} -radix hex {0 0ns}
run 10 us
add_force {/lift1_controller/door_open} -radix hex {0 0ns}
run 10 us
run 10 us
run 10 us
run 10 us
run 10 us
run 10 us
run 10 us
run 10 us
run 10 us
run 10 us
run 10 us
relaunch_sim
add_force {/lift1_controller/clock} -radix hex {1 0ns} {0 50000ps} -repeat_every 100000ps
run 10 us
add_force {/lift1_controller/reset} -radix hex {1 0ns}
run 10 us
add_force {/lift1_controller/reset} -radix hex {0 0ns}
run 10 us
add_force {/lift1_controller/lift1_floor} -radix hex {2 0ns}
run 10 us
add_force {/lift1_controller/received_request} -radix hex {0 0ns}
add_force {/lift1_controller/lift1_floor} -radix hex {0 0ns}
run 10 us
add_force {/lift1_controller/door_open} -radix hex {0 0ns}
run 10 us
run 10 us
run 10 us
relaunch_sim
add_force {/lift1_controller/clock} -radix hex {1 0ns} {0 50000ps} -repeat_every 100000ps
run 10 us
add_force {/lift1_controller/reset} -radix hex {1 0ns}
run 10 us
add_force {/lift1_controller/received_request} -radix hex {0 0ns}
run 10 us
add_force {/lift1_controller/lift1_floor} -radix hex {2 0ns}
add_force {/lift1_controller/reset} -radix hex {1 0ns}
add_force {/lift1_controller/reset} -radix hex {0 0ns}
run 10 us
add_force {/lift1_controller/door_open} -radix hex {0 0ns}
run 10 us
add_wave {{/lift1_controller/wait_and_close}} 
run 10 us
run 10 us
run 10 us
run 10 us
run 10 us
run 10 us
run 10 us
run 10 us
run 10 us
run 10 us
run 10 us
run 10 us
add_force {/lift1_controller/lift1_floor} -radix hex {0 0ns}
run 10 us
run 10 us
run 10 us
run 10 us
run 10 us
run 10 us
run 10 us
run 10 us
run 10 us
run 10 us
run 10 us
run 10 us
run 10 us
run 10 us
run 10 us
run 10 us
run 10 us
run 10 us
run 10 us
run 10 us
run 10 us
run 10 us
run 10 us
run 10 us
run 10 us
run 10 us
run 10 us
run 10 us
run 10 us
run 10 us
run 10 us
run 10 us
run 10 us
run 10 us
run 10 us
run 10 us
run 10 us
run 10 us
run 10 us
run 10 us
run 10 us
run 10 us
run 10 us
run 10 us
run 10 us
run 10 us
run 10 us
run 10 us
run 10 us
run 10 us
run 10 us
run 10 us
run 10 us
run 10 us
run 10 us
run 10 us
run 10 us
run 10 us
run 10 us
run 10 us
run 10 us
run 10 us
run 10 us
run 10 us
run 10 us
run 10 us
run 10 us
run 10 us
run 10 us
run 10 us
run 10 us
run 10 us
run 10 us
run 10 us
run 10 us
run 10 us
relaunch_sim
relaunch_sim
add_force {/lift1_controller/clock} -radix hex {1 0ns} {0 50000ps} -repeat_every 100000ps
run 10 us
add_force {/lift1_controller/reset} -radix hex {1 0ns}
run 10 us
add_force {/lift1_controller/reset} -radix hex {0 0ns}
add_force {/lift1_controller/received_request} -radix hex {0 0ns}
add_force {/lift1_controller/lift1_floor} -radix hex {2 0ns}
run 10 us
add_force {/lift1_controller/door_open} -radix hex {0 0ns}
run 10 us
run 10 us
run 10 us
run 10 us
run 10 us
run 10 us
run 10 us
run 10 us
run 10 us
run 10 us
run 10 us
add_force {/lift1_controller/lift1_floor} -radix hex {0 0ns}
run 10 us
run 10 us
run 10 us
run 10 us
run 10 us
run 10 us
run 10 us
run 10 us
run 10 us
run 10 us
run 10 us
run 10 us
run 10 us
run 10 us
run 10 us
run 10 us
run 10 us
run 10 us
run 10 us
run 10 us
run 10 us
run 10 us
run 10 us
run 10 us
run 10 us
run 10 us
run 10 us
run 10 us
run 10 us
run 10 us
run 10 us
run 10 us
run 10 us
run 10 us
run 10 us
run 10 us
run 10 us
run 10 us
run 10 us
run 10 us
run 10 us
run 10 us
run 10 us
run 10 us
run 10 us
run 10 us
run 10 us
run 10 us
run 10 us
run 10 us
run 10 us
run 10 us
run 10 us
run 10 us
run 10 us
run 10 us
run 10 us
run 10 us
run 10 us
run 10 us
run 10 us
run 10 us
run 10 us
run 10 us
run 10 us
run 10 us
run 10 us
run 10 us
run 10 us
run 10 us
run 10 us
run 10 us
run 10 us
run 10 us
run 10 us
run 10 us
add_force {/lift1_controller/lift1_floor} -radix hex {1 0ns}
run 10 us
add_force {/lift1_controller/lift1_floor} -radix hex {0 0ns}
run 10 us
run 10 us
run 10 us
run 10 us
run 10 us
run 10 us
run 10 us
run 10 us
run 10 us
run 10 us
run 10 us
run 10 us
run 10 us
run 10 us
run 10 us
run 10 us
run 10 us
run 10 us
run 10 us
run 10 us
run 10 us
run 10 us
run 10 us
run 10 us
run 10 us
run 10 us
run 10 us
run 10 us
run 10 us
run 10 us
run 10 us
run 10 us
run 10 us
run 10 us
run 10 us
run 10 us
run 10 us
run 10 us
run 10 us
run 10 us
