#-----------------------------------------------------------
# Vivado v2016.4 (64-bit)
# SW Build 1756540 on Mon Jan 23 19:11:19 MST 2017
# IP Build 1755317 on Mon Jan 23 20:30:07 MST 2017
# Start of session at: Wed Oct 11 12:40:28 2017
# Process ID: 14014
# Current directory: /media/ad/Area51/workspace/col215_prac_lab/lab8
# Command line: vivado
# Log file: /media/ad/Area51/workspace/col215_prac_lab/lab8/vivado.log
# Journal file: /media/ad/Area51/workspace/col215_prac_lab/lab8/vivado.jou
#-----------------------------------------------------------
start_gui
open_project /media/ad/Area51/workspace/col215_prac_lab/vivado/practice/practice.xpr
launch_simulation
launch_simulation
source lab8_elevator_control.tcl
close_sim
launch_simulation
source lab8_elevator_control.tcl
close_sim
# Disabling source management mode.  This is to allow the top design properties to be set without GUI intervention.
set_property source_mgmt_mode None [current_project]
set_property top lift1_controller [current_fileset]
# Re-enabling previously disabled source management mode.
set_property source_mgmt_mode All [current_project]
launch_simulation
source lab8_elevator_control.tcl
run 10 us
close_sim
launch_simulation
launch_simulation
source lab8_elevator_control.tcl
add_force {/lab8_elevator_control/reset} -radix hex {0 0ns}
run 10 us
add_force {/lab8_elevator_control/reset} -radix hex {1 0ns}
run 10 us
add_wave {{/lab8_elevator_control/l1_control/status}} 
add_force {/lab8_elevator_control/reset} -radix hex {0 0ns}
run 10 us
close_sim
launch_simulation
source lab8_elevator_control.tcl
add_force {/lab8_elevator_control/reset} -radix hex {0 0ns}
run 10 us
add_force {/lab8_elevator_control/reset} -radix hex {1 0ns}
run 10 us
add_wave {{/lab8_elevator_control/l1_control/status}} 
close_sim
launch_simulation
source lab8_elevator_control.tcl
add_force {/lab8_elevator_control/up_request} -radix hex {1111 0ns}
add_force {/lab8_elevator_control/up_request} -radix bin {1111 0ns}
run 10 us
add_force {/lab8_elevator_control/up_request} -radix hex {0000 0ns}
run 10 us
add_force {/lab8_elevator_control/reset} -radix hex {0 0ns}
add_force {/lab8_elevator_control/reset} -radix hex {1 0ns}
run 10 us
close_sim
update_compile_order -fileset sources_1
# Disabling source management mode.  This is to allow the top design properties to be set without GUI intervention.
set_property source_mgmt_mode None [current_project]
set_property top lift1_controller [current_fileset]
# Re-enabling previously disabled source management mode.
set_property source_mgmt_mode All [current_project]
set_property source_mgmt_mode DisplayOnly [current_project]
# Disabling source management mode.  This is to allow the top design properties to be set without GUI intervention.
set_property source_mgmt_mode None [current_project]
set_property top request_handler [current_fileset]
# Re-enabling previously disabled source management mode.
set_property source_mgmt_mode DisplayOnly [current_project]
launch_simulation
launch_simulation
launch_simulation
launch_simulation
launch_simulation
launch_simulation
launch_simulation
source lab8_elevator_control.tcl
add_force {/lab8_elevator_control/reset} -radix hex {0 0ns}
run 10 us
add_force {/lab8_elevator_control/reset} -radix hex {1 0ns}
run 10 us
add_force {/lab8_elevator_control/reset} -radix hex {0 0ns}
run 10 us
close_sim
launch_simulation
source lab8_elevator_control.tcl
add_force {/lab8_elevator_control/reset} -radix hex {1 0ns}
run 10 us
add_force {/lab8_elevator_control/reset} -radix hex {0 0ns}
run 10 us
close_sim
launch_simulation
source lab8_elevator_control.tcl
add_force {/lab8_elevator_control/reset} -radix hex {1 0ns}
run 10 us
add_force {/lab8_elevator_control/reset} -radix hex {0 0ns}
run 10 us
close_sim
launch_simulation
source lab8_elevator_control.tcl
add_force {/lab8_elevator_control/reset} -radix hex {1 0ns}
run 10 us
add_force {/lab8_elevator_control/reset} -radix hex {0 0ns}
run 10 us
close_sim
launch_simulation
source lab8_elevator_control.tcl
add_force {/lab8_elevator_control/reset} -radix hex {1 0ns}
run 10 us
add_force {/lab8_elevator_control/reset} -radix hex {0 0ns}
run 10 us
add_wave {{/lab8_elevator_control/req_handle}} 
add_wave {{/lab8_elevator_control/req_handle}} 
close_sim
launch_simulation
source lab8_elevator_control.tcl
add_force {/lab8_elevator_control/up_request} -radix hex {1 0ns}
run 10 us
add_force {/lab8_elevator_control/up_request} -radix hex {0 0ns}
run 10 us
add_force {/lab8_elevator_control/reset} -radix hex {1 0ns}
run 10 us
add_force {/lab8_elevator_control/up_request[0]} -radix hex {1 0ns}
run 10 us
add_force {/lab8_elevator_control/up_request[0]} -radix hex {0 0ns}
run 10 us
add_force {/lab8_elevator_control/down_request} -radix hex {0 0ns}
run 10 us
add_force {/lab8_elevator_control/reset} -radix hex {0 0ns}
run 10 us
add_force {/lab8_elevator_control/reset} -radix hex {1 0ns}
run 10 us
add_force {/lab8_elevator_control/reset} -radix hex {0 0ns}
run 10 us
add_force {/lab8_elevator_control/down_request[3]} -radix hex {1 0ns}
run 10 us
run 10 us
add_force {/lab8_elevator_control/down_request[3]} -radix hex {0 0ns}
run 10 us
add_force {/lab8_elevator_control/req_handle/l1_currentfloor} -radix bin {11 0ns}
run 10 us
reset_run synth_1
launch_runs impl_2 -to_step write_bitstream -jobs 2
wait_on_run impl_2
reset_run synth_1
launch_runs synth_1 -jobs 2
wait_on_run synth_1
close_sim
launch_simulation
source lab8_elevator_control.tcl
close_sim
launch_simulation
launch_simulation
source lab8_elevator_control.tcl
add_force {/lab8_elevator_control/clk} -radix hex {1 0ns} {0 50000ps} -repeat_every 100000ps
run 10 us
run 10 us
run 10 us
run 10 us
run 10 us
run 10 us
run 10 us
run 10 us
run 10 us
restart
run all
add_force {/lab8_elevator_control/reset} -radix hex {0 0ns}
run 10 us
add_force {/lab8_elevator_control/reset} -radix hex {1 0ns}
run 10 us
add_force {/lab8_elevator_control/reset} -radix hex {0 0ns}
run 10 us
add_force {/lab8_elevator_control/down_request[0]} -radix hex {0 0ns}
close_sim
launch_simulation
source lab8_elevator_control.tcl
add_force {/lab8_elevator_control/down_request[3]} -radix hex {0 0ns}
run 10 us
add_force {/lab8_elevator_control/clk} -radix hex {1 0ns} {0 50000ps} -repeat_every 100000ps
run all
run 10 us
run all
close_sim
